campaign_name                                                                                        total_revenue
---------------------------------------------------------------------------------------------------- ---------------------------------------
India Campaign 57                                                                                    186101.07
India Campaign 9                                                                                     168502.37
India Campaign 30                                                                                    153765.97
India Campaign 7                                                                                     150438.88
India Campaign 34                                                                                    148759.57
India Campaign 3                                                                                     148128.48
India Campaign 84                                                                                    147193.40
India Campaign 85                                                                                    141179.36
India Campaign 11                                                                                    137883.66
India Campaign 77                                                                                    134812.32
India Campaign 31                                                                                    132748.29
India Campaign 75                                                                                    129515.74
India Campaign 76                                                                                    127802.68
India Campaign 95                                                                                    125916.79
India Campaign 82                                                                                    125503.42
India Campaign 88                                                                                    121954.53
India Campaign 8                                                                                     121808.79
India Campaign 10                                                                                    121808.79
India Campaign 96                                                                                    120789.22
India Campaign 13                                                                                    118820.86
India Campaign 73                                                                                    118081.13
India Campaign 29                                                                                    116634.53
India Campaign 56                                                                                    115679.06
India Campaign 99                                                                                    115218.52
India Campaign 89                                                                                    112555.13
India Campaign 22                                                                                    112555.13
India Campaign 39                                                                                    112428.12
India Campaign 38                                                                                    108433.21
India Campaign 65                                                                                    107135.61
India Campaign 79                                                                                    105386.97
India Campaign 60                                                                                    102623.10
India Campaign 62                                                                                    101747.26
India Campaign 91                                                                                    101371.30
India Campaign 12                                                                                    100294.28
India Campaign 63                                                                                    99775.42
India Campaign 24                                                                                    96485.60
India Campaign 94                                                                                    96318.65
India Campaign 50                                                                                    94961.42
India Campaign 23                                                                                    94449.23
India Campaign 48                                                                                    93252.88
India Campaign 68                                                                                    92907.31
India Campaign 14                                                                                    91893.99
India Campaign 54                                                                                    90537.08
India Campaign 58                                                                                    89761.08
India Campaign 97                                                                                    87637.91
India Campaign 45                                                                                    86686.90
India Campaign 80                                                                                    86281.11
India Campaign 16                                                                                    86102.56
India Campaign 35                                                                                    86025.02
India Campaign 92                                                                                    86025.02
India Campaign 98                                                                                    83293.05
India Campaign 87                                                                                    82591.42
India Campaign 72                                                                                    82115.41
India Campaign 21                                                                                    81640.42
India Campaign 6                                                                                     80544.76
India Campaign 49                                                                                    80472.67
India Campaign 90                                                                                    78949.79
India Campaign 44                                                                                    78708.31
India Campaign 53                                                                                    78442.87
India Campaign 1                                                                                     76760.11
India Campaign 37                                                                                    76545.94
India Campaign 69                                                                                    76497.32
India Campaign 19                                                                                    75234.57
India Campaign 15                                                                                    74867.30
India Campaign 81                                                                                    73260.64
India Campaign 67                                                                                    72703.54
India Campaign 78                                                                                    72653.69
India Campaign 33                                                                                    72635.07
India Campaign 100                                                                                   72321.26
India Campaign 26                                                                                    71679.68
India Campaign 66                                                                                    71483.55
India Campaign 64                                                                                    70132.01
India Campaign 74                                                                                    68554.04
India Campaign 27                                                                                    68551.32
India Campaign 93                                                                                    66022.66
India Campaign 55                                                                                    65043.58
India Campaign 20                                                                                    64639.07
India Campaign 52                                                                                    63957.57
India Campaign 5                                                                                     61688.55
India Campaign 32                                                                                    60652.21
India Campaign 83                                                                                    60461.69
India Campaign 61                                                                                    59531.94
India Campaign 43                                                                                    58569.07
India Campaign 4                                                                                     58040.88
India Campaign 18                                                                                    57004.19
India Campaign 25                                                                                    55648.82
India Campaign 71                                                                                    55477.52
India Campaign 40                                                                                    54644.80
India Campaign 59                                                                                    54618.42
India Campaign 47                                                                                    53179.80
India Campaign 17                                                                                    52712.29
India Campaign 70                                                                                    50334.37
India Campaign 2                                                                                     47601.78
India Campaign 41                                                                                    44876.59
India Campaign 86                                                                                    44786.96
India Campaign 46                                                                                    44374.85
India Campaign 42                                                                                    39856.39
India Campaign 28                                                                                    34820.22
India Campaign 36                                                                                    31834.68
India Campaign 51                                                                                    23573.48

(100 rows affected)

campaign_name                                                                                        avg_order_value
---------------------------------------------------------------------------------------------------- ---------------------------------------
India Campaign 63                                                                                    9070.492727
India Campaign 75                                                                                    9251.124285
India Campaign 89                                                                                    8658.086923
India Campaign 65                                                                                    7652.543571
India Campaign 2                                                                                     6800.254285
India Campaign 87                                                                                    6353.186153
India Campaign 12                                                                                    5899.663529
India Campaign 52                                                                                    6395.757000
India Campaign 46                                                                                    4437.485000
India Campaign 22                                                                                    8658.086923
India Campaign 32                                                                                    7581.526250
India Campaign 94                                                                                    8756.240909
India Campaign 54                                                                                    6466.934285
India Campaign 40                                                                                    4967.709090
India Campaign 72                                                                                    7465.037272
India Campaign 66                                                                                    4765.570000
India Campaign 31                                                                                    7374.905000
India Campaign 91                                                                                    7797.792307
India Campaign 5                                                                                     6168.855000
India Campaign 4                                                                                     7255.110000
India Campaign 82                                                                                    8964.530000
India Campaign 23                                                                                    9444.923000
India Campaign 59                                                                                    5461.842000
India Campaign 43                                                                                    8367.010000
India Campaign 57                                                                                    8091.350869
India Campaign 37                                                                                    7654.594000
India Campaign 49                                                                                    8941.407777
India Campaign 15                                                                                    6806.118181
India Campaign 27                                                                                    5712.610000
India Campaign 97                                                                                    9737.545555
India Campaign 19                                                                                    8359.396666
India Campaign 67                                                                                    8078.171111
India Campaign 8                                                                                     7613.049375
India Campaign 30                                                                                    8092.945789
India Campaign 80                                                                                    8628.111000
India Campaign 85                                                                                    8304.668235
India Campaign 90                                                                                    7894.979000
India Campaign 3                                                                                     8713.440000
India Campaign 36                                                                                    10611.560000
India Campaign 58                                                                                    7480.090000
India Campaign 14                                                                                    7068.768461
India Campaign 96                                                                                    7105.248235
India Campaign 18                                                                                    8143.455714
India Campaign 73                                                                                    8434.366428
India Campaign 60                                                                                    11402.566666
India Campaign 69                                                                                    5884.409230
India Campaign 9                                                                                     8425.118500
India Campaign 93                                                                                    7335.851111
India Campaign 88                                                                                    6418.659473
India Campaign 51                                                                                    4714.696000
India Campaign 29                                                                                    6860.854705
India Campaign 41                                                                                    7479.431666
India Campaign 35                                                                                    7168.751666
India Campaign 99                                                                                    10474.410909
India Campaign 11                                                                                    8110.803529
India Campaign 70                                                                                    6291.796250
India Campaign 25                                                                                    7949.831428
India Campaign 100                                                                                   6574.660000
India Campaign 61                                                                                    7441.492500
India Campaign 39                                                                                    8648.316923
India Campaign 44                                                                                    7870.831000
India Campaign 83                                                                                    6717.965555
India Campaign 24                                                                                    8040.466666
India Campaign 56                                                                                    6804.650588
India Campaign 28                                                                                    4974.317142
India Campaign 98                                                                                    5949.503571
India Campaign 16                                                                                    6150.182857
India Campaign 71                                                                                    6164.168888
India Campaign 7                                                                                     7917.835789
India Campaign 78                                                                                    7265.369000
India Campaign 1                                                                                     6978.191818
India Campaign 33                                                                                    7263.507000
India Campaign 62                                                                                    7826.712307
India Campaign 95                                                                                    9685.906923
India Campaign 13                                                                                    6989.462352
India Campaign 47                                                                                    5317.980000
India Campaign 77                                                                                    8987.488000
India Campaign 68                                                                                    9290.731000
India Campaign 92                                                                                    7168.751666
India Campaign 81                                                                                    7326.064000
India Campaign 42                                                                                    4982.048750
India Campaign 26                                                                                    7167.968000
India Campaign 50                                                                                    7913.451666
India Campaign 34                                                                                    8264.420555
India Campaign 20                                                                                    7182.118888
India Campaign 10                                                                                    7613.049375
India Campaign 79                                                                                    8106.690000
India Campaign 38                                                                                    9036.100833
India Campaign 64                                                                                    5009.429285
India Campaign 48                                                                                    6660.920000
India Campaign 86                                                                                    7464.493333
India Campaign 6                                                                                     7322.250909
India Campaign 84                                                                                    8177.411111
India Campaign 21                                                                                    8164.042000
India Campaign 17                                                                                    7530.327142
India Campaign 55                                                                                    7227.064444
India Campaign 45                                                                                    6668.223076
India Campaign 76                                                                                    7987.667500
India Campaign 53                                                                                    8715.874444
India Campaign 74                                                                                    8569.255000

(100 rows affected)

campaign_name                                                                                        avg_days_to_order
---------------------------------------------------------------------------------------------------- -----------------
India Campaign 63                                                                                    -29
India Campaign 75                                                                                    -106
India Campaign 89                                                                                    -316
India Campaign 65                                                                                    -291
India Campaign 2                                                                                     -279
India Campaign 87                                                                                    107
India Campaign 12                                                                                    -264
India Campaign 52                                                                                    -146
India Campaign 46                                                                                    -212
India Campaign 22                                                                                    -330
India Campaign 32                                                                                    -151
India Campaign 94                                                                                    -250
India Campaign 54                                                                                    -400
India Campaign 40                                                                                    -163
India Campaign 72                                                                                    -50
India Campaign 66                                                                                    -375
India Campaign 31                                                                                    -212
India Campaign 91                                                                                    -81
India Campaign 5                                                                                     -113
India Campaign 4                                                                                     -180
India Campaign 82                                                                                    -289
India Campaign 23                                                                                    -151
India Campaign 59                                                                                    -276
India Campaign 43                                                                                    -80
India Campaign 57                                                                                    -81
India Campaign 37                                                                                    -135
India Campaign 49                                                                                    -154
India Campaign 15                                                                                    -277
India Campaign 27                                                                                    -109
India Campaign 97                                                                                    42
India Campaign 19                                                                                    -367
India Campaign 67                                                                                    -78
India Campaign 8                                                                                     -231
India Campaign 30                                                                                    -149
India Campaign 80                                                                                    -137
India Campaign 85                                                                                    -274
India Campaign 90                                                                                    70
India Campaign 3                                                                                     -208
India Campaign 36                                                                                    -205
India Campaign 58                                                                                    -129
India Campaign 14                                                                                    -183
India Campaign 96                                                                                    -294
India Campaign 18                                                                                    -432
India Campaign 73                                                                                    -235
India Campaign 60                                                                                    -83
India Campaign 69                                                                                    -350
India Campaign 9                                                                                     -71
India Campaign 93                                                                                    -59
India Campaign 88                                                                                    -322
India Campaign 51                                                                                    -206
India Campaign 29                                                                                    -212
India Campaign 41                                                                                    -145
India Campaign 35                                                                                    -243
India Campaign 99                                                                                    -287
India Campaign 11                                                                                    -61
India Campaign 70                                                                                    -220
India Campaign 25                                                                                    -352
India Campaign 100                                                                                   -66
India Campaign 61                                                                                    -123
India Campaign 39                                                                                    -212
India Campaign 44                                                                                    -191
India Campaign 83                                                                                    -197
India Campaign 24                                                                                    -260
India Campaign 56                                                                                    -348
India Campaign 28                                                                                    35
India Campaign 98                                                                                    -132
India Campaign 16                                                                                    -300
India Campaign 71                                                                                    -401
India Campaign 7                                                                                     -161
India Campaign 78                                                                                    -201
India Campaign 1                                                                                     -27
India Campaign 33                                                                                    -53
India Campaign 62                                                                                    -48
India Campaign 95                                                                                    -14
India Campaign 13                                                                                    -180
India Campaign 47                                                                                    -78
India Campaign 77                                                                                    -384
India Campaign 68                                                                                    -241
India Campaign 92                                                                                    -291
India Campaign 81                                                                                    -277
India Campaign 42                                                                                    -218
India Campaign 26                                                                                    -42
India Campaign 50                                                                                    33
India Campaign 34                                                                                    -172
India Campaign 20                                                                                    -328
India Campaign 10                                                                                    -143
India Campaign 79                                                                                    -122
India Campaign 38                                                                                    -184
India Campaign 64                                                                                    -277
India Campaign 48                                                                                    -272
India Campaign 86                                                                                    -99
India Campaign 6                                                                                     -187
India Campaign 84                                                                                    -187
India Campaign 21                                                                                    -309
India Campaign 17                                                                                    -102
India Campaign 55                                                                                    -208
India Campaign 45                                                                                    -116
India Campaign 76                                                                                    -92
India Campaign 53                                                                                    -259
India Campaign 74                                                                                    -327

(100 rows affected)


Completion time: 2025-06-20T23:03:01.0861214+05:30
