seller_id   seller_name                                        avg_rating
----------- -------------------------------------------------- -----------
261         Mani-Pall                                          2
23          Sandhu-Agarwal                                     2
238         Puri Inc                                           3
355         Dey-Sood                                           2
46          Lall, Sethi and Choudhury                          2
378         Pradhan Ltd                                        2
215         Raman Inc                                          3
69          Tella-Dash                                         2
401         Sha, Zacharia and Dada                             3
192         Toor-Rattan                                        2
92          Dua, Lata and Wason                                2
430         Grover-Swaminathan                                 3
115         Patil, Yogi and Naik                               3
138         Bhavsar, Kara and Sarin                            2
209         Peri-Sinha                                         2
384         Varghese Group                                     3
161         Gour PLC                                           3
407         Karnik LLC                                         2
361         Shan, Lal and Karnik                               3
232         Kalla, Hayer and Bali                              3
29          Borah-Garde                                        2
315         Gera Inc                                           3
278         Rajagopalan-Ramaswamy                              4
424         Nayak LLC                                          3
175         Nayak, Tank and Bath                               3
169         Murty Inc                                          3
324         Joshi Inc                                          2
470         Datta LLC                                          3
221         Guha-Wadhwa                                        2
75          Saha Inc                                           2
344         Singh LLC                                          4
201         Nagy, Bhalla and Aurora                            2
132         Issac-Lal                                          3
487         Naidu PLC                                          3
438         Uppal Ltd                                          4
15          Golla, Kara and Kumar                              2
9           Kanda-Mand                                         4
181         Khanna-Chawla                                      3
158         Ghose, Narang and Bhagat                           3
458         Bedi-Butala                                        2
481         Chacko-Ramanathan                                  2
89          Narayan and Sons                                   2
338         Chad, Sahota and Mangat                            2
244         Mangat-Mukherjee                                   3
195         Balakrishnan-Roy                                   2
387         Manda Group                                        3
301         Bava LLC                                           3
3           Kata LLC                                           3
252         Iyer-Hari                                          2
152         Kale and Sons                                      3
146         Setty, Bhatnagar and Kala                          3
52          Kaul Ltd                                           2
295         Bajwa, Minhas and Randhawa                         3
493         Maharaj, Date and Jayaraman                        3
444         Varma LLC                                          3
427         Apte Inc                                           3
95          Mahajan, Chandra and Chatterjee                    4
404         Chakraborty-Shetty                                 3
72          Sandhu, Bhagat and Hari                            3
189         Vora, Trivedi and Roy                              3
473         Pradhan-Bobal                                      2
450         Acharya-Sundaram                                   3
118         Chada-Viswanathan                                  3
258         Banerjee, Chatterjee and Gole                      2
264         Mander PLC                                         1
335         Karnik LLC                                         4
281         Trivedi LLC                                        3
381         Nagy, Char and Nagar                               5
212         Sem and Sons                                       3
358         Grewal-Vala                                        3
235         Thakkar, Upadhyay and Sampath                      2
172         Narayan-Chauhan                                    2
421         Anne and Sons                                      3
410         Parmer-Chad                                        3
66          Grewal Ltd                                         3
78          Patel, Om and Tripathi                             3
375         Dugar Inc                                          3
218         Bawa, Doshi and Vyas                               2
327         Bath-Patla                                         3
229         Karan, Baral and Sengupta                          1
32          Narain, Basak and Narang                           2
364         Andra-Baral                                        1
275         Vyas-Bhagat                                        2
318         Seth Inc                                           3
126         Wali-Tank                                          3
467         Chaudhari LLC                                      3
26          Kadakia PLC                                        3
321         Ben Ltd                                            3
272         Panchal, Date and Kapur                            4
12          Parekh PLC                                         3
178         Shere LLC                                          4
35          Bhandari, Kota and Varughese                       3
367         Banik, Palan and Bhatia                            3
390         Natarajan-Basu                                     3
129         Grewal, Boase and Ahluwalia                        3
461         Sathe, Bhatt and Khosla                            2
155         Guha, Bali and Rastogi                             3
106         Chakraborty LLC                                    3
86          Samra, Narayanan and Dasgupta                      3
484         Dora-Trivedi                                       3
135         Hari-Bose                                          3
63          Parekh, Jhaveri and Zacharia                       3
112         Parmer-Kaur                                        3
255         Dash Inc                                           2
6           Raju, Mangat and Ratta                             1
398         Varty-Sane                                         3
304         Atwal, Ramanathan and Wable                        3
43          Suresh and Sons                                    2
55          Ray, Balakrishnan and Devi                         1
241         Singh-Parmer                                       1
98          Brahmbhatt-Shenoy                                  2
341         Shetty-Grover                                      2
347         Anne Inc                                           2
441         Sidhu, Rai and Verma                               2
490         D’Alia-Prabhu                                      3
447         Dugar, Vyas and Guha                               1
298         Badami, Tailor and Dutt                            2
49          Chaudhari-Panchal                                  2
198         Ravel, Divan and Pathak                            4
149         Iyengar-Nath                                       2
190         Patla Ltd                                          2
213         Aurora-Sridhar                                     3
476         Rama, Amble and Lad                                3
144         Trivedi, Bath and Goyal                            2
499         Amble, Gulati and Raju                             3
167         Dash Inc                                           3
353         Upadhyay Group                                     2
330         Patil, Pillay and Prabhakar                        2
336         Chopra Group                                       2
453         Kumer LLC                                          3
307         Baria, Hari and Babu                               3
405         Bhatt, Sodhi and Sahota                            2
236         Shetty-Rai                                         1
259         Khosla-Chana                                       2
382         Palla-Raghavan                                     4
267         Agrawal, Chandra and Goda                          2
184         Shenoy-Mital                                       3
422         Kashyap, Zachariah and Lal                         3
67          Saini, Sur and Chacko                              2
230         Khare-Gola                                         3
313         Nayar, Sen and Varma                               2
376         Kumar-Bhavsar                                      2
27          Bhakta-Rai                                         2
276         Magar-Bhandari                                     2
21          Pingle, Ahluwalia and Bhat                         3
121         Dasgupta, Saraf and Sha                            2
127         Nayar PLC                                          2
322         Sampath Inc                                        3
319         Hegde, Wason and Manda                             2
173         Gala Inc                                           3
370         Singh Group                                        2
468         Swamy Group                                        1
273         Chatterjee-Devan                                   2
107         Cherian-Trivedi                                    3
250         Ratta, Randhawa and Chhabra                        3
485         Dixit-Sinha                                        2
58          Dave, Modi and Mitra                               2
156         Chaudry-Kumar                                      3
130         Narula, Swamy and Palla                            3
413         Maharaj, Dube and Zachariah                        3
81          Bahri-Ghosh                                        4
462         Balasubramanian-Parekh                             2
436         Rana PLC                                           3
64          Acharya and Sons                                   2
87          Suri LLC                                           3
38          Sundaram-Srivastava                                3
101         Rajagopal-Solanki                                  4
350         Shenoy PLC                                         3
256         Dutt, Desai and Kade                               2
207         Srinivasan, Tiwari and Saxena                      2
399         Barad-Mann                                         3
7           Choudhry, Dugar and Bhavsar                        2
44          Garg, Barad and Divan                              3
193         Mand and Sons                                      4
442         Kar Inc                                            3
342         Edwin Group                                        2
299         Chaudhary-Talwar                                   2
293         Balay, More and Raman                              2
393         Singhal, Rama and Ramachandran                     3
150         Raj-Patla                                          3
50          Jani-Shankar                                       4
1           Divan-Ravel                                        2
356         Mahajan, Bahri and Buch                            3
24          Wagle-Bora                                         2
379         Kurian Inc                                         2
47          Ramesh Group                                       4
402         Padmanabhan, Sachdev and Sarma                     2
239         Agarwal-Goswami                                    3
141         Ganesan-Sood                                       5
70          Gera-Pandya                                        4
93          Garde Group                                        2
216         Venkataraman-Garde                                 2
187         Mangal, Bhatia and Mukhopadhyay                    3
164         Balasubramanian Ltd                                2
287         Samra LLC                                          2
479         Chakrabarti Group                                  3
310         Bose Group                                         3
233         Dave Group                                         3
210         Bora, Mani and Yogi                                2
456         Bava-Mittal                                        3
333         Mukhopadhyay, Chauhan and Rajagopalan              5
279         Toor, Shah and Kota                                2
18          Kata and Sons                                      2
30          Kothari, Pandya and Raghavan                       2
362         Halder, Nayak and Din                              3
373         Doshi, Koshy and Raghavan                          2
316         Nazareth, Arya and Rai                             3
270         Batra Inc                                          2
170         Barman PLC                                         2
176         Keer, Bajwa and Venkataraman                       3
465         Thakkar, Raman and Mandal                          4
224         Dube, Hegde and Palla                              2
419         Vig Ltd                                            4
439         Chakraborty-Munshi                                 2
84          Patel, Borra and Konda                             3
416         Krishnan Ltd                                       3
153         Tiwari, Patla and Balan                            3
488         Vasa-Trivedi                                       3
227         Gour LLC                                           3
204         Bath and Sons                                      3
110         Jha and Sons                                       3
133         Majumdar-Balan                                     3
10          Saran, Parmar and Loyal                            3
459         Butala-Tata                                        4
482         Gade-Sami                                          2
61          Ramaswamy-Prabhu                                   2
445         Reddy-Majumdar                                     1
196         Vohra, Sehgal and Edwin                            2
433         Walla-Ganguly                                      4
41          Chowdhury-Handa                                    2
90          Rastogi, Butala and Mahal                          3
339         Rana-Deol                                          2
290         Bhalla Group                                       2
253         Seth, Purohit and Konda                            3
104         Mander, Brahmbhatt and Dass                        2
496         Padmanabhan, Jha and Shetty                        3
4           Bhargava-Biswas                                    2
147         Shenoy and Sons                                    3
396         Sarna-Raja                                         2
247         Palla Ltd                                          2
296         Date-Sharaf                                        2
451         Gandhi Group                                       2
119         Narula PLC                                         1
96          Mandal Ltd                                         2
428         Verma Ltd                                          2
165         Chandran, Kothari and Krish                        2
497         Khurana LLC                                        3
142         Gole Ltd                                           3
474         Bansal Ltd                                         3
282         Dixit, Sagar and Mangal                            2
288         Patel Ltd                                          3
211         Atwal, Taneja and Jain                             3
311         Krishnamurthy-Gaba                                 2
188         Virk, Nath and Wali                                3
334         Chacko-Chhabra                                     3
357         Sachdev, Pai and Bhalla                            3
234         Ben-Chatterjee                                     3
480         Krishnamurthy PLC                                  4
125         Kumer-Buch                                         2
457         Kanda, Anand and Saraf                             3
374         Mukhopadhyay-Bobal                                 2
219         Sagar, Kohli and Misra                             2
65          Agate, Dar and Sant                                2
328         Prakash, Sethi and Swaminathan                     3
411         Shenoy, Goswami and Badami                         2
79          Bhalla, Lad and Singhal                            3
19          Shan-Rajagopalan                                   2
265         Mannan, Bedi and Balasubramanian                   3
365         Setty-Sem                                          2
317         Mall, Banik and Sood                               3
420         Dewan Group                                        3
73          Shan Inc                                           2
171         Balakrishnan-Varma                                 2
25          Pandit and Sons                                    2
271         Das, Mukhopadhyay and Dhar                         3
36          Kalita Ltd                                         3
368         Kohli Ltd                                          3
391         Panchal-Saran                                      3
440         Kant Group                                         2
179         Karan-Dhillon                                      2
228         Rattan-Keer                                        2
105         Randhawa, Pant and Wason                           3
460         Batta PLC                                          3
205         Sandhu LLC                                         3
85          Issac, Chandran and More                           2
62          Suresh, Garg and Srinivasan                        2
13          Dutta, Char and Choudhry                           3
136         Ravi-Sengupta                                      2
42          Parikh LLC                                         3
291         Banik, Talwar and Gera                             2
385         Kulkarni-Gaba                                      3
397         Patla Group                                        4
254         Lala Ltd                                           2
5           Walia-Cherian                                      2
56          Vasa Group                                         2
199         Doctor LLC                                         3
448         Palla and Sons                                     2
491         Gokhale and Sons                                   3
248         Shetty, Dayal and Dube                             3
148         Manne LLC                                          3
99          Uppal-Mani                                         2
262         Chander, Mander and Shan                           3
500         Pillai-Pandit                                      3
168         Chada LLC                                          4
191         Sarma-Yogi                                         3
454         Kapur LLC                                          3
377         Dara PLC                                           4
116         Pall Ltd                                           3
477         Shan Ltd                                           3
354         Srivastava, Bandi and Modi                         2
162         Patil, Dubey and Baria                             4
408         Parekh, Balay and Raval                            3
331         Parikh-Kalla                                       4
185         Kata PLC                                           3
308         Sabharwal, Bedi and Gara                           2
431         Vaidya-Mall                                        4
231         Apte PLC                                           4
325         Rau PLC                                            3
314         Bajwa, Balay and Sagar                             4
371         Menon Ltd                                          2
122         Patla, Rai and Keer                                3
128         Maharaj, Iyengar and Rai                           2
471         Kibe-Taneja                                        3
22          Bansal-Chaudhary                                   3
76          Bhakta PLC                                         4
417         Wali and Sons                                      3
222         Ratta, Ahluwalia and Grewal                        2
202         Madan LLC                                          2
463         Sarkar Group                                       3
108         Dara-Subramaniam                                   3
225         Dani-Kohli                                         3
59          Kapur and Sons                                     2
274         Prabhu and Sons                                    2
82          Rama-Ramachandran                                  2
251         Sahni Group                                        3
437         Chawla, Grover and Ahluwalia                       2
33          Date PLC                                           3
39          Vohra Group                                        2
16          Edwin-Dhawan                                       3
182         Gole-Kadakia                                       3
159         Bhavsar-Nagarajan                                  3
88          Raja-Baral                                         3
208         Sama, Kaur and Agate                               2
53          Mangal, Goswami and Bumb                           2
102         Bajwa-Modi                                         1
337         Khanna and Sons                                    2
400         Krishnamurthy Inc                                  3
302         Saini LLC                                          2
388         Kalla, Mahajan and Gola                            3
351         Kata, Korpal and Kapadia                           4
45          Wali, Madan and Dutta                              3
145         Apte Inc                                           3
2           Nagy-Sankaran                                      2
494         Devan and Sons                                     2
245         Narain and Sons                                    3
345         Narang-Walla                                       2
394         Boase Group                                        2
380         Deshpande-Chaudhary                                3
48          Mani Group                                         2
309         Sane and Sons                                      3
403         Prakash PLC                                        2
286         Mahajan Inc                                        1
71          Yadav PLC                                          2
263         Nair PLC                                           3
94          Nayak Group                                        3
426         Joshi Inc                                          3
449         Koshy Ltd                                          2
240         Zachariah, Garg and Sama                           2
117         Anne, Issac and Kata                               3
478         Atwal, Sura and Chauhan                            3
140         Chacko Inc                                         3
163         Deo-Rajagopalan                                    3
186         Dube-Pau                                           2
432         Shan, Swaminathan and Date                         3
257         Issac-Gulati                                       1
455         Tailor Inc                                         2
332         Thakkar-Agrawal                                    2
280         Kadakia Group                                      2
409         Bala-Dasgupta                                      2
77          Bahl Ltd                                           3
17          Rau Group                                          3
363         Murthy, Bhatt and Tak                              3
31          Dhaliwal-Srinivasan                                3
326         Sabharwal-Manne                                    3
472         Ray-Nagi                                           3
466         Sharma, Saraf and Vig                              2
223         Thaman-Krish                                       2
217         Bava, Devi and Sant                                2
372         Shan, Badal and Buch                               1
269         Prashad Inc                                        2
123         Kara LLC                                           3
226         Saha PLC                                           2
297         Gopal, Sama and Gala                               2
60          Kohli, Dass and Ganesh                             2
415         Sabharwal-Saini                                    3
83          Mutti, Sahni and Batta                             2
177         Merchant, Sarma and Shankar                        3
203         Korpal-Vaidya                                      2
154         Dalal, Devan and Mangal                            1
40          Munshi Group                                       1
34          Shah Ltd                                           3
183         Bhasin, Madan and Sha                              2
11          Modi-Boase                                         3
111         Chaudhry-Taneja                                    2
160         Sachdev, Choudhry and Balakrishnan                 2
54          Sama-Madan                                         4
303         Venkataraman-Shah                                  3
91          Sangha and Sons                                    3
352         Choudhary, Bala and Bora                           2
340         Dada, Keer and Sani                                3
103         Toor Inc                                           3
289         Kannan-Lata                                        3
389         Kaur LLC                                           4
395         Mann LLC                                           5
495         Edwin Ltd                                          4
489         Suresh-Wagle                                       4
346         Bhandari PLC                                       3
97          Ravel, Prasad and Chahal                           3
197         Shan-Mallick                                       2
246         Mitra-Gole                                         3
143         Datta and Sons                                     3
475         Wadhwa-Morar                                       3
214         Roy, Shankar and Om                                3
452         Buch-Lal                                           3
237         Chakrabarti, Goyal and Edwin                       1
120         Pandya-Golla                                       3
166         Oza, Goswami and Seshadri                          2
498         Sule, Goda and Varkey                              3
312         Sur, Jaggi and Kalla                               3
306         Sharaf-Chaudhuri                                   1
329         Bandi-Mitter                                       3
360         Seshadri, Chana and Kunda                          1
429         Walia and Sons                                     2
260         Krishna-Mitra                                      1
406         Iyer-Sani                                          2
283         Ahuja, Murthy and Balay                            3
469         Gupta Ltd                                          3
220         Bhat-Lala                                          3
114         Natt LLC                                           2
266         Choudhary-Bhatia                                   2
423         Rajan Inc                                          4
20          Purohit Inc                                        2
80          Som and Sons                                       2
277         Lad-Dutta                                          3
68          Bhandari-Oommen                                    2
412         Narula Ltd                                         4
366         Tiwari Inc                                         2
323         Butala, Amble and Yohannan                         3
28          Merchant Group                                     3
74          Kothari and Sons                                   3
369         Bali-Manne                                         3
392         Parikh-Sarma                                       3
131         Bhatnagar-Wagle                                    1
249         Deshpande, Morar and Suresh                        4
180         Mitter, Pant and Bala                              2
486         Sahni, Ghose and Dada                              2
206         Chauhan, Bal and Setty                             3
157         Gala, Dhar and Goyal                               2
14          Joshi-Rao                                          2
37          Vaidya, Sood and Grover                            3
386         Brar, Nayak and Morar                              2
137         Wali LLC                                           3
243         Balakrishnan, Padmanabhan and Modi                 4
435         Dara-Natarajan                                     2
349         Shukla-Thaker                                      3
8           Babu and Sons                                      1
300         Sehgal LLC                                         2
51          Menon Inc                                          3
200         Kala LLC                                           3
151         Ramesh, Srinivasan and Gour                        4
194         Nazareth-Subramanian                               3
343         Vasa Group                                         3
100         Shukla-Shroff                                      4
492         Loyal, Aurora and Sami                             2
443         Upadhyay-Prashad                                   4

(475 rows affected)

category_name                                      support_related_reviews
-------------------------------------------------- -----------------------
Beauty & Personal Care                             62
Mobile Phones                                      61
Laptops & Accessories                              58
Toys & Baby Products                               56
Groceries                                          55
Books & Stationery                                 52
Women's Clothing                                   51
Home Appliances                                    49
Kitchen & Dining                                   47
Men's Clothing                                     42

(10 rows affected)

product_name                                       avg_rating             return_rate_pct
-------------------------------------------------- ---------------------- ---------------------------------------
Officiis Product                                   3.54128440366972       7.826086956521
Reprehenderit Product                              1.22                   7.692307692307
Molestias Product                                  3.1                    5.882352941176
Doloribus Product                                  2.3307392996109        5.645161290322
Ipsum Product                                      3.4020618556701        5.376344086021
Veritatis Product                                  3.25657894736842       5.333333333333
Minus Product                                      2.6                    5.263157894736
Soluta Product                                     2.81545064377682       5.072463768115
Dolore Product                                     2.91707317073171       4.819277108433
Cupiditate Product                                 3.29213483146067       4.800000000000
Itaque Product                                     3.40363636363636       4.464285714285
Voluptate Product                                  1.24444444444444       4.347826086956
Porro Product                                      3.46428571428571       4.347826086956
Quis Product                                       3.33142857142857       4.347826086956
Repellat Product                                   2.6231884057971        4.285714285714
Quos Product                                       3.08928571428571       4.225352112676
Ipsam Product                                      3.18846153846154       4.132231404958
Sed Product                                        3.46753246753247       4.123711340206
Exercitationem Product                             2.46428571428571       3.947368421052
Alias Product                                      2.96774193548387       3.921568627450
A Product                                          3.0241935483871        3.846153846153
Iste Product                                       3.28571428571429       3.846153846153
Optio Product                                      3.14666666666667       3.809523809523
Debitis Product                                    3.31034482758621       3.773584905660
Expedita Product                                   2.95982142857143       3.750000000000
Labore Product                                     3.33333333333333       3.703703703703
Quidem Product                                     3.12532637075718       3.680981595092
Repellendus Product                                3.51685393258427       3.676470588235
Provident Product                                  2.92670157068063       3.636363636363
Quod Product                                       2.82222222222222       3.636363636363
Perspiciatis Product                               2.79878048780488       3.571428571428
Quaerat Product                                    2.79207920792079       3.571428571428
Beatae Product                                     3.10344827586207       3.448275862068
Mollitia Product                                   3.09268292682927       3.418803418803
Cum Product                                        2.73333333333333       3.305785123966
Autem Product                                      3.47133757961783       3.278688524590
Sit Product                                        3.71428571428571       3.174603174603
Harum Product                                      3.22222222222222       3.174603174603
Perferendis Product                                3.53676470588235       3.164556962025
Dolorum Product                                    3.20588235294118       3.125000000000
Dicta Product                                      2.83279742765273       3.067484662576
Veniam Product                                     2.91176470588235       3.030303030303
Odio Product                                       3.18468468468468       3.007518796992
Neque Product                                      2.76771653543307       2.962962962962
Voluptatibus Product                               3.39013452914798       2.884615384615
Ab Product                                         3.10152284263959       2.830188679245
Ad Product                                         2.91150442477876       2.830188679245
Nam Product                                        2.61290322580645       2.816901408450
Facilis Product                                    3.14861460957179       2.762430939226
Quia Product                                       2.68248175182482       2.752293577981
Modi Product                                       2.67777777777778       2.631578947368
Dignissimos Product                                3.4176245210728        2.547770700636
Laborum Product                                    3.07758620689655       2.542372881355
Deserunt Product                                   2.74257425742574       2.500000000000
Eum Product                                        2.61904761904762       2.500000000000
Blanditiis Product                                 3.28571428571429       2.500000000000
Cumque Product                                     3.25301204819277       2.500000000000
Necessitatibus Product                             2.96478873239437       2.479338842975
Unde Product                                       3.2043795620438        2.469135802469
Qui Product                                        2.92592592592593       2.453987730061
Maiores Product                                    2.94117647058824       2.409638554216
Eos Product                                        2.53074433656958       2.400000000000
Quae Product                                       3.13056379821958       2.392344497607
Facere Product                                     3.0532319391635        2.380952380952
Quam Product                                       2.65573770491803       2.366863905325
Aspernatur Product                                 3.09039548022599       2.362204724409
Pariatur Product                                   2.9468085106383        2.362204724409
Explicabo Product                                  2.62863070539419       2.347417840375
Asperiores Product                                 4.49655172413793       2.325581395348
Est Product                                        3.3698224852071        2.325581395348
Fuga Product                                       3.29047619047619       2.325581395348
Rem Product                                        3.36231884057971       2.290076335877
Animi Product                                      3.49253731343284       2.272727272727
Nisi Product                                       3.89403973509934       2.272727272727
Nemo Product                                       2.80281690140845       2.259887005649
Doloremque Product                                 3.1832884097035        2.247191011235
Possimus Product                                   2.85470085470085       2.222222222222
Reiciendis Product                                 2.96590909090909       2.197802197802
Quisquam Product                                   2.65591397849462       2.173913043478
Ratione Product                                    3.24363636363636       2.158273381294
Dolores Product                                    3.3047619047619        2.150537634408
Iusto Product                                      2.25217391304348       2.127659574468
Nobis Product                                      3.41772151898734       2.127659574468
Consectetur Product                                2.66666666666667       2.127659574468
Aliquam Product                                    3.3030303030303        2.112676056338
Ex Product                                         3.33061224489796       2.105263157894
Inventore Product                                  2.47846889952153       2.068965517241
Ullam Product                                      2.9025641025641        2.000000000000
Esse Product                                       2.40357142857143       1.986754966887
Similique Product                                  3.24137931034483       1.973684210526
Sapiente Product                                   3.41981132075472       1.941747572815
Vitae Product                                      2.43448275862069       1.923076923076
Dolor Product                                      3.26076555023923       1.886792452830
Rerum Product                                      3.05574912891986       1.875000000000
Aliquid Product                                    2.90070921985816       1.829268292682
Tempore Product                                    3.27046263345196       1.818181818181
Voluptates Product                                 2.46022727272727       1.801801801801
Excepturi Product                                  3.28682170542636       1.785714285714
Repudiandae Product                                3.70114942528736       1.769911504424
Temporibus Product                                 2.9037037037037        1.754385964912
Enim Product                                       3.41317365269461       1.724137931034
Voluptatem Product                                 3.18048780487805       1.680672268907
Sequi Product                                      2.8780487804878        1.550387596899
Culpa Product                                      2.85365853658537       1.538461538461
Earum Product                                      2.16949152542373       1.515151515151
Quasi Product                                      2.9921875              1.492537313432
Velit Product                                      3.42156862745098       1.470588235294
Deleniti Product                                   2.88679245283019       1.470588235294
Hic Product                                        2.60759493670886       1.470588235294
Et Product                                         3.46153846153846       1.428571428571
Totam Product                                      2.74803149606299       1.428571428571
Delectus Product                                   3.48028673835125       1.418439716312
Saepe Product                                      2.76271186440678       1.398601398601
Eveniet Product                                    3.40506329113924       1.388888888888
Commodi Product                                    2.30578512396694       1.369863013698
Corrupti Product                                   3.25                   1.369863013698
Quibusdam Product                                  2.36697247706422       1.369863013698
Distinctio Product                                 3.09039548022599       1.342281879194
Aut Product                                        3.36111111111111       1.315789473684
Error Product                                      3.00716845878136       1.257861635220
Praesentium Product                                2.64571428571429       1.250000000000
Ipsa Product                                       2.53591160220994       1.234567901234
Voluptatum Product                                 2.71134020618557       1.176470588235
Odit Product                                       3.28925619834711       1.162790697674
Ducimus Product                                    3.13953488372093       1.136363636363
Officia Product                                    2.97080291970803       1.136363636363
Suscipit Product                                   3.89102564102564       1.111111111111
In Product                                         3.25570776255708       1.111111111111
Incidunt Product                                   2.78523489932886       1.075268817204
Sint Product                                       2.3969465648855        1.063829787234
Fugit Product                                      3.15909090909091       1.063829787234
Natus Product                                      2.59883720930233       1.063829787234
Assumenda Product                                  2.79874213836478       1.052631578947
Ut Product                                         2.55952380952381       1.041666666666
Eius Product                                       3.045                  1.030927835051
Tempora Product                                    2.17488789237668       1.020408163265
Vel Product                                        3.05970149253731       1.010101010101
Nulla Product                                      2.24                   0.990099009900
Quo Product                                        3.14903846153846       0.961538461538
Vero Product                                       2.38461538461538       0.909090909090
Non Product                                        3.0048309178744        0.909090909090
Omnis Product                                      2.6796875              0.900900900900
Libero Product                                     2.97422680412371       0.900900900900
Adipisci Product                                   2.55849056603774       0.869565217391
Magnam Product                                     2.8                    0.869565217391
Ea Product                                         3.42675159235669       0.862068965517
Illo Product                                       3.36470588235294       0.769230769230
Eligendi Product                                   2.92517006802721       0.763358778625
Aperiam Product                                    2.91549295774648       0.735294117647
Recusandae Product                                 2.90874524714829       0.709219858156
Amet Product                                       2.88817891373802       0.709219858156
Laudantium Product                                 2.88317757009346       0.680272108843
Nihil Product                                      3.49079754601227       0.641025641025
Corporis Product                                   3.0712401055409        0.617283950617
Placeat Product                                    3.29652996845426       0.531914893617
Consequatur Product                                3.0353982300885        0.000000000000
Occaecati Product                                  2.20121951219512       0.000000000000
Fugiat Product                                     2.76628352490421       0.000000000000
Id Product                                         3.17695473251029       0.000000000000
Numquam Product                                    3.14150943396226       0.000000000000
Dolorem Product                                    3.18709677419355       0.000000000000
Nesciunt Product                                   3.19587628865979       0.000000000000
Nostrum Product                                    2.94809688581315       0.000000000000
Illum Product                                      3.22950819672131       0.000000000000
Sunt Product                                       2.52032520325203       0.000000000000
Molestiae Product                                  3.41237113402062       0.000000000000
Voluptas Product                                   3.31683168316832       0.000000000000
Eaque Product                                      2.86792452830189       0.000000000000
Minima Product                                     3.04371584699454       0.000000000000
Accusamus Product                                  3.16666666666667       0.000000000000
Atque Product                                      2.88505747126437       0.000000000000
Laboriosam Product                                 2.73626373626374       0.000000000000
Quas Product                                       2.62931034482759       0.000000000000
Magni Product                                      2.76439790575916       0.000000000000
Impedit Product                                    2.6                    0.000000000000
Iure Product                                       2.67484662576687       0.000000000000
At Product                                         2.90151515151515       0.000000000000
Tenetur Product                                    2.48051948051948       0.000000000000
Consequuntur Product                               2.90298507462687       0.000000000000
Accusantium Product                                2.84942084942085       0.000000000000
Maxime Product                                     2.54166666666667       0.000000000000
Architecto Product                                 3.56338028169014       0.000000000000
Warning: Null value is eliminated by an aggregate or other SET operation.

(182 rows affected)


Completion time: 2025-06-20T23:06:55.0918934+05:30
